// Jest Snapshot v1, https://goo.gl/fbAQLP

exports[`<IndexScreen/> has 1 child 1`] = `1`;

exports[`<IndexScreen/> renders correctly across screens 1`] = `null`;
